<area shape="rect" href="$_cell_8hpp.html" title="Contains Cell class." alt="" coords="188,84,268,111">
<area shape="rect" href="$_m_c_geometry_8hpp.html" title="Geometry class." alt="" coords="35,161,181,188">
<area shape="rect" href="$_m_c_geometry_8cpp.html" title="Topmost geometry class." alt="" coords="31,239,175,265">
<area shape="rect" href="$_cylinder_8hpp.html" title="Cylinder surface object." alt="" coords="723,84,835,111">
<area shape="rect" href="$t_cylinder_8cpp.html" title="Unit tests for Cylinder." alt="" coords="720,161,837,188">
<area shape="rect" href="$_ellipsoid_8hpp.html" title="Ellipsoid object." alt="" coords="859,84,971,111">
<area shape="rect" href="$_plane_8hpp.html" title="Plane surface." alt="" coords="313,84,407,111">
<area shape="rect" href="$t_plane_8cpp.html" title="Test the Plane geometry capabilities." alt="" coords="416,161,512,188">
<area shape="rect" href="$_sphere_8hpp.html" title="Sphere surface." alt="" coords="493,84,597,111">
<area shape="rect" href="$t_sphere_8cpp.html" title="Test the Sphere geometry capability." alt="" coords="587,161,696,188">
<area shape="rect" href="$t_cell_8cpp.html" title="Unit tests for Cell." alt="" coords="307,161,392,188">
<area shape="rect" href="$t_m_c_geometry_8cpp.html" title="Unit tests for MCGeometry." alt="" coords="199,239,348,265">
