<area shape="rect" href="$_quadric_8hpp.html" title="The parent abstract class of all the other surfaces." alt="" coords="399,84,508,111">
<area shape="rect" href="$_cell_8hpp.html" title="Contains Cell class." alt="" coords="479,161,559,188">
<area shape="rect" href="$_m_c_geometry_8cpp.html" title="Topmost geometry class." alt="" coords="5,316,149,343">
<area shape="rect" href="$t_m_c_geometry_8cpp.html" title="Unit tests for MCGeometry." alt="" coords="1023,316,1172,343">
<area shape="rect" href="$t_cell_8cpp.html" title="Unit tests for Cell." alt="" coords="813,316,899,343">
<area shape="rect" href="$_cylinder_8hpp.html" title="Cylinder surface object." alt="" coords="447,239,559,265">
<area shape="rect" href="$t_cylinder_8cpp.html" title="Unit tests for Cylinder." alt="" coords="284,316,401,343">
<area shape="rect" href="$_plane_8hpp.html" title="Plane surface." alt="" coords="1185,239,1279,265">
<area shape="rect" href="$t_plane_8cpp.html" title="Test the Plane geometry capabilities." alt="" coords="1344,316,1440,343">
<area shape="rect" href="$_sphere_8hpp.html" title="Sphere surface." alt="" coords="804,239,908,265">
<area shape="rect" href="$t_sphere_8cpp.html" title="Test the Sphere geometry capability." alt="" coords="633,316,743,343">
<area shape="rect" href="$_vector_comp_8hpp.html" title="Recursive comparisons on vectors of vectors of ... of doubles." alt="" coords="1396,84,1540,111">
<area shape="rect" href="$t_vector_comp_8cpp.html" title="Unit tests for soft equivalence." alt="" coords="1497,161,1644,188">
<area shape="rect" href="$t_vector_math_8cpp.html" title="Unit tests for vector math." alt="" coords="1455,239,1593,265">
<area shape="rect" href="$_vector_math_8hpp.html" title="Does useful things to double vectors." alt="" coords="735,161,871,188">
<area shape="rect" href="$_vector_print_8hpp.html" title="Implementation of a function that prints a vector." alt="" coords="945,161,1076,188">
<area shape="rect" href="$_m_c_geometry_8hpp.html" title="Geometry class." alt="" coords="633,239,780,265">
<area shape="rect" href="$_ellipsoid_8hpp.html" title="Ellipsoid object." alt="" coords="343,161,455,188">
<area shape="rect" href="$_soft_equiv_8hpp.html" title="Just loads VectorComp and SoftEquiv (easier to remember)." alt="" coords="1100,161,1220,188">
