<area shape="rect" href="$_cylinder_8hpp.html" title="Cylinder.hpp" alt="" coords="5,80,104,107">
<area shape="rect" href="$t_cylinder_8cpp.html" title="Unit tests for Cylinder." alt="" coords="17,155,119,182">
<area shape="rect" href="$_m_c_geometry_8hpp.html" title="Geometry class." alt="" coords="179,80,307,107">
<area shape="rect" href="$t_m_c_geometry_8cpp.html" title="Unit tests for MCGeometry." alt="" coords="308,155,439,182">
<area shape="rect" href="$_plane_8hpp.html" title="Plane.hpp" alt="" coords="381,80,464,107">
<area shape="rect" href="$t_cell_8cpp.html" title="Unit tests for Cell." alt="" coords="463,155,537,182">
<area shape="rect" href="$t_plane_8cpp.html" title="Test the Plane geometry capabilities." alt="" coords="561,155,647,182">
<area shape="rect" href="$_sphere_8hpp.html" title="Sphere.hpp" alt="" coords="539,80,629,107">
<area shape="rect" href="$t_sphere_8cpp.html" title="Test the Sphere geometry capability." alt="" coords="671,155,764,182">
<area shape="rect" href="$mcgeometry_2tests_2t_template_8cpp&#45;source.html" title="tTemplate.cpp" alt="" coords="755,80,861,107">
<area shape="rect" href="$transupport_2tests_2t_template_8cpp&#45;source.html" title="tTemplate.cpp" alt="" coords="885,80,992,107">
<area shape="rect" href="$_m_c_geometry_8cpp.html" title="Geometry class." alt="" coords="156,155,284,182">
