<area shape="rect" href="$_soft_equiv_8hpp.html" title="Just loads VectorComp and SoftEquiv (easier to remember)." alt="" coords="405,84,525,111">
<area shape="rect" href="$t_vector_comp_8cpp.html" title="Unit tests for soft equivalence." alt="" coords="549,84,696,111">
<area shape="rect" href="$t_vector_math_8cpp.html" title="Unit tests for vector math." alt="" coords="720,84,859,111">
<area shape="rect" href="$_cylinder_8hpp.html" title="Cylinder surface object." alt="" coords="5,161,117,188">
<area shape="rect" href="$t_cylinder_8cpp.html" title="Unit tests for Cylinder." alt="" coords="27,239,144,265">
<area shape="rect" href="$_m_c_geometry_8hpp.html" title="Geometry class." alt="" coords="192,161,339,188">
<area shape="rect" href="$t_m_c_geometry_8cpp.html" title="Unit tests for MCGeometry." alt="" coords="348,239,497,265">
<area shape="rect" href="$_plane_8hpp.html" title="Plane surface." alt="" coords="541,161,635,188">
<area shape="rect" href="$t_cell_8cpp.html" title="Unit tests for Cell." alt="" coords="521,239,607,265">
<area shape="rect" href="$t_plane_8cpp.html" title="Test the Plane geometry capabilities." alt="" coords="764,239,860,265">
<area shape="rect" href="$_sphere_8hpp.html" title="Sphere surface." alt="" coords="413,161,517,188">
<area shape="rect" href="$t_sphere_8cpp.html" title="Test the Sphere geometry capability." alt="" coords="631,239,740,265">
<area shape="rect" href="$_m_c_geometry_8cpp.html" title="Topmost geometry class." alt="" coords="180,239,324,265">
