<area shape="rect" href="$_cylinder_8hpp.html" title="Cylinder surface object." alt="" coords="95,84,207,111">
<area shape="rect" href="$_m_c_geometry_8hpp.html" title="Geometry class." alt="" coords="316,84,463,111">
<area shape="rect" href="$_plane_8hpp.html" title="Plane surface." alt="" coords="616,84,709,111">
<area shape="rect" href="$_sphere_8hpp.html" title="Sphere surface." alt="" coords="488,84,592,111">
<area shape="rect" href="$t_vector_math_8cpp.html" title="Unit tests for vector math." alt="" coords="733,84,872,111">
<area shape="rect" href="$t_cylinder_8cpp.html" title="Unit tests for Cylinder." alt="" coords="5,161,123,188">
<area shape="rect" href="$_m_c_geometry_8cpp.html" title="Topmost geometry class." alt="" coords="147,161,291,188">
<area shape="rect" href="$t_m_c_geometry_8cpp.html" title="Unit tests for MCGeometry." alt="" coords="315,161,464,188">
<area shape="rect" href="$t_cell_8cpp.html" title="Unit tests for Cell." alt="" coords="621,161,707,188">
<area shape="rect" href="$t_plane_8cpp.html" title="Test the Plane geometry capabilities." alt="" coords="731,161,827,188">
<area shape="rect" href="$t_sphere_8cpp.html" title="Test the Sphere geometry capability." alt="" coords="488,161,597,188">
