<area shape="rect" href="$_m_c_geometry_8hpp.html" title="Geometry class." alt="" coords="83,84,325,111">
<area shape="rect" href="$dbc_8hpp.html" title="Design by contract." alt="" coords="1277,316,1357,343">
<area shape="rect" href="$_soft_equiv_8hpp.html" title="Just loads VectorComp and SoftEquiv (easier to remember)." alt="" coords="1067,161,1275,188">
<area shape="rect" href="$_plane_8hpp.html" title="Plane surface." alt="" coords="785,84,975,111">
<area shape="rect" href="$_vector_print_8hpp.html" title="Implementation of a function that prints a vector." alt="" coords="1299,161,1517,188">
<area shape="rect" href="$_sphere_8hpp.html" title="Sphere surface." alt="" coords="1093,84,1296,111">
<area shape="rect" href="$_unit_tester_8hpp.html" title="Unit test master class." alt="" coords="1744,84,1957,111">
<area shape="rect" href="$_vector_math_8hpp.html" title="Does useful things to double vectors." alt="" coords="768,161,992,188">
<area shape="rect" href="$_quadric_8hpp.html" title="The parent abstract class of all the other surfaces." alt="" coords="527,239,636,265">
<area shape="rect" href="$_cell_8hpp.html" title="Contains Cell class." alt="" coords="144,161,224,188">
<area shape="rect" href="$_vector_comp_8hpp.html" title="Recursive comparisons on vectors of vectors of ... of doubles." alt="" coords="1328,239,1472,265">
